// Jest Snapshot v1, https://goo.gl/fbAQLP

exports[`Pokemon Page component Debe de hacer match con el snapshot 1`] = `<h1>Cargando...</h1>`;

exports[`Pokemon Page component Debe de hacer match con el snapshot cuando cargan los pokemons 1`] = `
<div>
  <h1>¿Quién es este pokemon??</h1><!-- TODO: img -->
  <pokemon-image-stub pokemonid="5" showpokemon="false"></pokemon-image-stub>
  <!--TODO: opciones -->
  <pokemon-options-stub pokemons="[object Object],[object Object],[object Object],[object Object]"></pokemon-options-stub>
  <!--v-if-->
</div>
`;
